
> news@0.0.0 build
> vite build

[36mvite v7.3.1 [32mbuilding client environment for production...[36m[39m
transforming...
[32mΓ£ô[39m 2389 modules transformed.
rendering chunks...
computing gzip size...
[2mdist/[22m[32mindex.html                   [39m[1m[2m  0.58 kB[22m[1m[22m[2m Γöé gzip:   0.35 kB[22m
[2mdist/[22m[35massets/index-B7llJM1Q.css    [39m[1m[2m 29.18 kB[22m[1m[22m[2m Γöé gzip:   5.90 kB[22m
[2mdist/[22m[36massets/recharts-BF7mNLtp.js  [39m[1m[2m349.94 kB[22m[1m[22m[2m Γöé gzip: 105.33 kB[22m
[2mdist/[22m[36massets/index-DymkLKlZ.js     [39m[1m[2m562.70 kB[22m[1m[22m[2m Γöé gzip: 145.62 kB[22m
[32mΓ£ô built in 6.33s[39m
